// Jest Snapshot v1, https://goo.gl/fbAQLP

exports[`[Layout render] [should be renser 1`] = `
<div
  className="sc-AxjAm StDqN"
/>
`;
